2026-09-18 12:21:21.872 [main] INFO  c.j.r.o.i.MessageFlowIntegrationTest - Starting MessageFlowIntegrationTest using Java 21.0.11 with PID 36916 (started by Navjot Singh in C:\Users\Navjot Singh\project\RCS Simulator)
2026-09-18 12:21:21.872 [main] INFO  c.j.r.o.i.MessageFlowIntegrationTest - No active profile set, falling back to 1 default profile: "default"
2026-09-18 12:21:25.587 [main] INFO  c.j.r.o.s.TimingWheelScheduler - Timing wheel scheduler started: wheelSize=512 tickDurationMillis=100 workerCount=256 (one revolution spans 51200ms)
2026-09-18 12:21:25.638 [main] INFO  c.j.r.o.queue.InMemoryQueueService - Started 750 virtual-thread dispatcher(s) for queue 'callback-queue' on its own dedicated executor
2026-09-18 12:21:25.751 [main] INFO  c.j.r.o.queue.InMemoryQueueService - Started 512 virtual-thread dispatcher(s) for queue 'dlr-queue' on its own dedicated executor
2026-09-18 12:21:25.783 [main] INFO  c.j.r.o.queue.InMemoryQueueService - Started 2000 virtual-thread dispatcher(s) for queue 'incoming-queue' on its own dedicated executor
2026-09-18 12:21:25.787 [main] INFO  c.j.r.o.queue.InMemoryQueueService - Started 256 virtual-thread dispatcher(s) for queue 'processing-queue' on its own dedicated executor
2026-09-18 12:21:25.798 [main] INFO  c.j.r.o.queue.InMemoryQueueService - Started 256 virtual-thread dispatcher(s) for queue 'validation-queue' on its own dedicated executor
2026-09-18 12:21:26.911 [main] INFO  o.s.b.t.m.w.SpringBootMockServletContext - Initializing Spring TestDispatcherServlet ''
2026-09-18 12:21:26.912 [main] INFO  o.s.t.w.s.TestDispatcherServlet - Initializing Servlet ''
2026-09-18 12:21:26.913 [main] INFO  o.s.t.w.s.TestDispatcherServlet - Completed initialization in 1 ms
2026-09-18 12:21:26.960 [main] INFO  c.j.r.o.i.MessageFlowIntegrationTest - Started MessageFlowIntegrationTest in 6.196 seconds (process running for 9.983)
2026-09-18 12:21:26.965 [main] INFO  c.j.r.o.c.QueueWorkerConfigReporter - Queue Worker Configuration
  Incoming    : 2000
  Validation  : 256
  Processing  : 256
  DLR         : 512
  Callback    : 750
  Scheduler   : 256
2026-09-18 12:21:29.202 [main] INFO  c.j.r.o.c.MediaUploadController - Stored uploaded media MEDIADWT8N32RJY457ORQ (4 bytes, image/png)
2026-09-18 12:21:29.559 [main] WARN  c.j.r.o.e.GlobalExceptionHandler - Provider exception [UNSUPPORTED_MEDIA_TYPE]: content type 'text/plain' is not supported; allowed: [image/jpeg, image/jpg, image/gif, image/png, video/mp4, video/mpeg, video/mpeg4, video/webm, application/pdf]
2026-09-18 12:21:29.838 [main] WARN  c.j.r.o.e.GlobalExceptionHandler - Malformed request body for POST /v1/messages: JSON parse error: Cannot construct instance of `java.util.ArrayList` (although at least one Creator exists): no String-argument constructor/factory method to deserialize from String value ('919999999999')
2026-09-18 12:21:29.850 [main] INFO  o.s.t.c.s.AnnotationConfigContextLoaderUtils - Could not detect default configuration classes for test class [com.jio.rcs.operator.integration.WireFormatIntegrationTest]: WireFormatIntegrationTest does not declare any static, non-private, non-final, nested classes annotated with @Configuration.
2026-09-18 12:21:29.850 [main] INFO  o.s.b.t.c.SpringBootTestContextBootstrapper - Found @SpringBootConfiguration com.jio.rcs.operator.RcsSimulatorApplication for test class com.jio.rcs.operator.integration.WireFormatIntegrationTest
2026-09-18 12:21:30.003 [main] WARN  c.j.r.o.c.CallbackCircuitBreaker - Circuit breaker OPEN for https://dead-receiver.example.com/webhook after 1 consecutive failures - skipping attempts for 20ms before the next recovery probe
2026-09-18 12:21:30.062 [main] WARN  c.j.r.o.c.CallbackCircuitBreaker - Circuit breaker OPEN for https://dead-receiver.example.com/webhook after 3 consecutive failures - skipping attempts for 30000ms before the next recovery probe
2026-09-18 12:21:30.767 [main] WARN  c.j.r.o.callback.CallbackEngine - Callback for message SIMTEST0002 moved to Dead Letter Queue after 3 attempts
2026-09-18 12:21:31.941 [main] INFO  c.j.r.o.s.TimingWheelScheduler - Timing wheel scheduler started: wheelSize=64 tickDurationMillis=10 workerCount=4 (one revolution spans 640ms)
2026-09-18 12:21:32.045 [main] INFO  c.j.r.o.s.TimingWheelScheduler - Timing wheel scheduler stopped
2026-09-18 12:21:32.053 [main] INFO  c.j.r.o.s.TimingWheelScheduler - Timing wheel scheduler started: wheelSize=128 tickDurationMillis=5 workerCount=16 (one revolution spans 640ms)
2026-09-18 12:21:32.393 [main] INFO  c.j.r.o.s.TimingWheelScheduler - Timing wheel scheduler stopped
2026-09-18 12:21:32.398 [main] INFO  c.j.r.o.s.TimingWheelScheduler - Timing wheel scheduler started: wheelSize=32 tickDurationMillis=50 workerCount=4 (one revolution spans 1600ms)
2026-09-18 12:21:32.447 [main] INFO  c.j.r.o.s.TimingWheelScheduler - Timing wheel scheduler stopped
2026-09-18 12:21:33.004 [SpringApplicationShutdownHook] INFO  c.j.r.o.queue.InMemoryQueueService - Shutting down in-memory queue service - stopping 5 per-queue dispatcher executor(s)
2026-09-18 12:21:33.021 [SpringApplicationShutdownHook] INFO  c.j.r.o.s.TimingWheelScheduler - Timing wheel scheduler stopped
2026-09-18 12:24:12.423 [main] INFO  c.j.r.o.i.MessageFlowIntegrationTest - Starting MessageFlowIntegrationTest using Java 21.0.11 with PID 40072 (started by Navjot Singh in C:\Users\Navjot Singh\project\RCS Simulator)
2026-09-18 12:24:12.429 [main] INFO  c.j.r.o.i.MessageFlowIntegrationTest - No active profile set, falling back to 1 default profile: "default"
2026-09-18 12:24:17.428 [main] INFO  c.j.r.o.s.TimingWheelScheduler - Timing wheel scheduler started: wheelSize=512 tickDurationMillis=100 workerCount=256 (one revolution spans 51200ms)
2026-09-18 12:24:17.572 [main] INFO  c.j.r.o.queue.InMemoryQueueService - Started 750 virtual-thread dispatcher(s) for queue 'callback-queue' on its own dedicated executor
2026-09-18 12:24:17.781 [main] INFO  c.j.r.o.queue.InMemoryQueueService - Started 512 virtual-thread dispatcher(s) for queue 'dlr-queue' on its own dedicated executor
2026-09-18 12:24:17.824 [main] INFO  c.j.r.o.queue.InMemoryQueueService - Started 2000 virtual-thread dispatcher(s) for queue 'incoming-queue' on its own dedicated executor
2026-09-18 12:24:17.835 [main] INFO  c.j.r.o.queue.InMemoryQueueService - Started 256 virtual-thread dispatcher(s) for queue 'processing-queue' on its own dedicated executor
2026-09-18 12:24:17.850 [main] INFO  c.j.r.o.queue.InMemoryQueueService - Started 256 virtual-thread dispatcher(s) for queue 'validation-queue' on its own dedicated executor
2026-09-18 12:24:20.566 [main] INFO  o.s.b.t.m.w.SpringBootMockServletContext - Initializing Spring TestDispatcherServlet ''
2026-09-18 12:24:20.566 [main] INFO  o.s.t.w.s.TestDispatcherServlet - Initializing Servlet ''
2026-09-18 12:24:20.566 [main] INFO  o.s.t.w.s.TestDispatcherServlet - Completed initialization in 0 ms
2026-09-18 12:24:20.630 [main] INFO  c.j.r.o.i.MessageFlowIntegrationTest - Started MessageFlowIntegrationTest in 8.828 seconds (process running for 10.429)
2026-09-18 12:24:20.636 [main] INFO  c.j.r.o.c.QueueWorkerConfigReporter - Queue Worker Configuration
  Incoming    : 2000
  Validation  : 256
  Processing  : 256
  DLR         : 512
  Callback    : 750
  Scheduler   : 256
2026-09-18 12:24:23.060 [main] INFO  c.j.r.o.c.MediaUploadController - Stored uploaded media MEDIAXS93XG0FAU5WHBWS (4 bytes, image/png)
2026-09-18 12:24:23.657 [main] WARN  c.j.r.o.e.GlobalExceptionHandler - Provider exception [UNSUPPORTED_MEDIA_TYPE]: content type 'text/plain' is not supported; allowed: [image/jpeg, image/jpg, image/gif, image/png, video/mp4, video/mpeg, video/mpeg4, video/webm, application/pdf]
2026-09-18 12:24:24.021 [main] WARN  c.j.r.o.e.GlobalExceptionHandler - Malformed request body for POST /v1/messages: JSON parse error: Cannot construct instance of `java.util.ArrayList` (although at least one Creator exists): no String-argument constructor/factory method to deserialize from String value ('919999999999')
2026-09-18 12:24:24.067 [main] INFO  o.s.t.c.s.AnnotationConfigContextLoaderUtils - Could not detect default configuration classes for test class [com.jio.rcs.operator.integration.WireFormatIntegrationTest]: WireFormatIntegrationTest does not declare any static, non-private, non-final, nested classes annotated with @Configuration.
2026-09-18 12:24:24.073 [main] INFO  o.s.b.t.c.SpringBootTestContextBootstrapper - Found @SpringBootConfiguration com.jio.rcs.operator.RcsSimulatorApplication for test class com.jio.rcs.operator.integration.WireFormatIntegrationTest
2026-09-18 12:24:24.191 [main] WARN  c.j.r.o.c.CallbackCircuitBreaker - Circuit breaker OPEN for https://dead-receiver.example.com/webhook after 1 consecutive failures - skipping attempts for 20ms before the next recovery probe
2026-09-18 12:24:24.252 [main] WARN  c.j.r.o.c.CallbackCircuitBreaker - Circuit breaker OPEN for https://dead-receiver.example.com/webhook after 1 consecutive failures - skipping attempts for 30000ms before the next recovery probe
2026-09-18 12:24:24.252 [main] WARN  c.j.r.o.c.CallbackCircuitBreaker - Circuit breaker OPEN for https://dead-receiver.example.com/webhook after 3 consecutive failures - skipping attempts for 30000ms before the next recovery probe
2026-09-18 12:24:24.252 [main] WARN  c.j.r.o.c.CallbackCircuitBreaker - Circuit breaker OPEN for https://dead-receiver.example.com/webhook after 2 consecutive failures - skipping attempts for 20ms before the next recovery probe
2026-09-18 12:24:24.299 [main] WARN  c.j.r.o.c.CallbackCircuitBreaker - Circuit breaker CLOSED for https://dead-receiver.example.com/webhook - destination recovered
2026-09-18 12:24:25.045 [main] WARN  c.j.r.o.callback.CallbackEngine - Callback for message SIMTEST0002 moved to Dead Letter Queue after 3 attempts
2026-09-18 12:24:26.241 [main] INFO  c.j.r.o.s.TimingWheelScheduler - Timing wheel scheduler started: wheelSize=64 tickDurationMillis=10 workerCount=4 (one revolution spans 640ms)
2026-09-18 12:24:26.352 [main] INFO  c.j.r.o.s.TimingWheelScheduler - Timing wheel scheduler stopped
2026-09-18 12:24:26.361 [main] INFO  c.j.r.o.s.TimingWheelScheduler - Timing wheel scheduler started: wheelSize=128 tickDurationMillis=5 workerCount=16 (one revolution spans 640ms)
2026-09-18 12:24:26.582 [main] INFO  c.j.r.o.s.TimingWheelScheduler - Timing wheel scheduler stopped
2026-09-18 12:24:26.584 [main] INFO  c.j.r.o.s.TimingWheelScheduler - Timing wheel scheduler started: wheelSize=32 tickDurationMillis=50 workerCount=4 (one revolution spans 1600ms)
2026-09-18 12:24:26.643 [main] INFO  c.j.r.o.s.TimingWheelScheduler - Timing wheel scheduler stopped
2026-09-18 12:24:27.346 [SpringApplicationShutdownHook] INFO  c.j.r.o.queue.InMemoryQueueService - Shutting down in-memory queue service - stopping 5 per-queue dispatcher executor(s)
2026-09-18 12:24:27.356 [SpringApplicationShutdownHook] INFO  c.j.r.o.s.TimingWheelScheduler - Timing wheel scheduler stopped
